../Drivers/BSP/STM32F7xx_Nucleo_144/stm32f7xx_nucleo_144.c:169:10:BSP_GetVersion	4	static
../Drivers/BSP/STM32F7xx_Nucleo_144/stm32f7xx_nucleo_144.c:183:6:BSP_LED_Init	48	static
../Drivers/BSP/STM32F7xx_Nucleo_144/stm32f7xx_nucleo_144.c:210:6:BSP_LED_DeInit	40	static
../Drivers/BSP/STM32F7xx_Nucleo_144/stm32f7xx_nucleo_144.c:228:6:BSP_LED_On	16	static
../Drivers/BSP/STM32F7xx_Nucleo_144/stm32f7xx_nucleo_144.c:242:6:BSP_LED_Off	16	static
../Drivers/BSP/STM32F7xx_Nucleo_144/stm32f7xx_nucleo_144.c:256:6:BSP_LED_Toggle	16	static
../Drivers/BSP/STM32F7xx_Nucleo_144/stm32f7xx_nucleo_144.c:272:6:BSP_PB_Init	40	static
../Drivers/BSP/STM32F7xx_Nucleo_144/stm32f7xx_nucleo_144.c:310:6:BSP_PB_DeInit	40	static
../Drivers/BSP/STM32F7xx_Nucleo_144/stm32f7xx_nucleo_144.c:325:10:BSP_PB_GetState	16	static
../Drivers/BSP/STM32F7xx_Nucleo_144/stm32f7xx_nucleo_144.c:344:13:SPIx_MspInit	48	static
../Drivers/BSP/STM32F7xx_Nucleo_144/stm32f7xx_nucleo_144.c:381:13:SPIx_Init	8	static
../Drivers/BSP/STM32F7xx_Nucleo_144/stm32f7xx_nucleo_144.c:419:13:SPIx_WriteReadData	40	static
../Drivers/BSP/STM32F7xx_Nucleo_144/stm32f7xx_nucleo_144.c:438:13:SPIx_Write	32	static
../Drivers/BSP/STM32F7xx_Nucleo_144/stm32f7xx_nucleo_144.c:457:13:SPIx_Error	8	static
../Drivers/BSP/STM32F7xx_Nucleo_144/stm32f7xx_nucleo_144.c:476:6:SD_IO_Init	40	static
../Drivers/BSP/STM32F7xx_Nucleo_144/stm32f7xx_nucleo_144.c:524:6:SD_IO_CSState	16	static
../Drivers/BSP/STM32F7xx_Nucleo_144/stm32f7xx_nucleo_144.c:543:6:SD_IO_WriteReadData	24	static
../Drivers/BSP/STM32F7xx_Nucleo_144/stm32f7xx_nucleo_144.c:554:9:SD_IO_WriteByte	24	static
../Drivers/BSP/STM32F7xx_Nucleo_144/stm32f7xx_nucleo_144.c:567:6:LCD_IO_Init	40	static
../Drivers/BSP/STM32F7xx_Nucleo_144/stm32f7xx_nucleo_144.c:598:6:LCD_IO_WriteReg	16	static
../Drivers/BSP/STM32F7xx_Nucleo_144/stm32f7xx_nucleo_144.c:619:6:LCD_IO_WriteData	16	static
../Drivers/BSP/STM32F7xx_Nucleo_144/stm32f7xx_nucleo_144.c:640:6:LCD_IO_WriteMultipleData	24	static
../Drivers/BSP/STM32F7xx_Nucleo_144/stm32f7xx_nucleo_144.c:696:6:LCD_Delay	16	static
../Drivers/BSP/STM32F7xx_Nucleo_144/stm32f7xx_nucleo_144.c:711:13:ADCx_MspInit	48	static
../Drivers/BSP/STM32F7xx_Nucleo_144/stm32f7xx_nucleo_144.c:737:13:ADCx_MspDeInit	40	static
../Drivers/BSP/STM32F7xx_Nucleo_144/stm32f7xx_nucleo_144.c:757:13:ADCx_Init	8	static
../Drivers/BSP/STM32F7xx_Nucleo_144/stm32f7xx_nucleo_144.c:782:13:ADCx_DeInit	8	static
../Drivers/BSP/STM32F7xx_Nucleo_144/stm32f7xx_nucleo_144.c:797:9:BSP_JOY_Init	16	static
../Drivers/BSP/STM32F7xx_Nucleo_144/stm32f7xx_nucleo_144.c:818:6:BSP_JOY_DeInit	8	static
../Drivers/BSP/STM32F7xx_Nucleo_144/stm32f7xx_nucleo_144.c:835:18:BSP_JOY_GetState	16	static
