../Drivers/BSP/STM32F769I_EVAL/stm32f769i_eval_qspi.c:110:9:BSP_QSPI_Init	16	static,ignoring_inline_asm
../Drivers/BSP/STM32F769I_EVAL/stm32f769i_eval_qspi.c:164:9:BSP_QSPI_DeInit	8	static
../Drivers/BSP/STM32F769I_EVAL/stm32f769i_eval_qspi.c:187:9:BSP_QSPI_Read	80	static
../Drivers/BSP/STM32F769I_EVAL/stm32f769i_eval_qspi.c:233:9:BSP_QSPI_Write	96	static
../Drivers/BSP/STM32F769I_EVAL/stm32f769i_eval_qspi.c:307:9:BSP_QSPI_Erase_Block	72	static
../Drivers/BSP/STM32F769I_EVAL/stm32f769i_eval_qspi.c:349:9:BSP_QSPI_Erase_Chip	64	static
../Drivers/BSP/STM32F769I_EVAL/stm32f769i_eval_qspi.c:389:9:BSP_QSPI_GetStatus	72	static
../Drivers/BSP/STM32F769I_EVAL/stm32f769i_eval_qspi.c:442:9:BSP_QSPI_GetInfo	16	static
../Drivers/BSP/STM32F769I_EVAL/stm32f769i_eval_qspi.c:458:9:BSP_QSPI_EnableMemoryMappedMode	72	static
../Drivers/BSP/STM32F769I_EVAL/stm32f769i_eval_qspi.c:505:13:BSP_QSPI_MspInit	64	static
../Drivers/BSP/STM32F769I_EVAL/stm32f769i_eval_qspi.c:573:13:BSP_QSPI_MspDeInit	16	static
../Drivers/BSP/STM32F769I_EVAL/stm32f769i_eval_qspi.c:601:16:QSPI_ResetMemory	72	static
../Drivers/BSP/STM32F769I_EVAL/stm32f769i_eval_qspi.c:643:16:QSPI_EnterFourBytesAddress	72	static
../Drivers/BSP/STM32F769I_EVAL/stm32f769i_eval_qspi.c:684:16:QSPI_DummyCyclesCfg	88	static,ignoring_inline_asm
../Drivers/BSP/STM32F769I_EVAL/stm32f769i_eval_qspi.c:743:16:QSPI_WriteEnable	96	static
../Drivers/BSP/STM32F769I_EVAL/stm32f769i_eval_qspi.c:789:16:QSPI_AutoPollingMemReady	96	static
