../Drivers/BSP/STM32F769I_EVAL/stm32f769i_eval_io.c:127:9:BSP_IO_Init	16	static
../Drivers/BSP/STM32F769I_EVAL/stm32f769i_eval_io.c:163:9:BSP_IO_DeInit	4	static
../Drivers/BSP/STM32F769I_EVAL/stm32f769i_eval_io.c:175:10:BSP_IO_ITGetStatus	16	static
../Drivers/BSP/STM32F769I_EVAL/stm32f769i_eval_io.c:185:6:BSP_IO_ITClear	8	static
../Drivers/BSP/STM32F769I_EVAL/stm32f769i_eval_io.c:195:6:BSP_IO_ITClearPin	16	static
../Drivers/BSP/STM32F769I_EVAL/stm32f769i_eval_io.c:234:9:BSP_IO_ConfigPin	16	static
../Drivers/BSP/STM32F769I_EVAL/stm32f769i_eval_io.c:248:9:BSP_IO_ConfigIrqOutPin	16	static
../Drivers/BSP/STM32F769I_EVAL/stm32f769i_eval_io.c:267:6:BSP_IO_WritePin	16	static
../Drivers/BSP/STM32F769I_EVAL/stm32f769i_eval_io.c:279:10:BSP_IO_ReadPin	16	static
../Drivers/BSP/STM32F769I_EVAL/stm32f769i_eval_io.c:291:6:BSP_IO_TogglePin	16	static
