../Core/Src/main.c:119:9:WAV_Open	16	static
../Core/Src/main.c:138:6:FillBuffer	16	static
../Core/Src/main.c:160:5:main	8	static
../Core/Src/main.c:280:6:SystemClock_Config	88	static
../Core/Src/main.c:337:6:PeriphCommonClock_Config	144	static
../Core/Src/main.c:361:6:BSP_AUDIO_IN_TransferComplete_CallBack	4	static
../Core/Src/main.c:365:6:BSP_AUDIO_IN_HalfTransfer_CallBack	4	static
../Core/Src/main.c:369:6:BSP_AUDIO_IN_Error_Callback	8	static
../Core/Src/main.c:373:6:BSP_AUDIO_OUT_HalfTransfer_CallBack	8	static
../Core/Src/main.c:381:6:BSP_AUDIO_OUT_TransferComplete_CallBack	8	static
../Core/Src/main.c:390:6:BSP_AUDIO_OUT_Error_CallBack	8	static
../Core/Src/main.c:404:6:HAL_TIM_PeriodElapsedCallback	16	static
../Core/Src/main.c:421:6:Error_Handler	8	static,ignoring_inline_asm
