../Core/Src/main.c:119:9:WAV_Open	5
../Core/Src/main.c:138:6:FillBuffer	2
../Core/Src/main.c:160:5:main	5
../Core/Src/main.c:280:6:SystemClock_Config	4
../Core/Src/main.c:337:6:PeriphCommonClock_Config	2
../Core/Src/main.c:361:6:BSP_AUDIO_IN_TransferComplete_CallBack	1
../Core/Src/main.c:365:6:BSP_AUDIO_IN_HalfTransfer_CallBack	1
../Core/Src/main.c:369:6:BSP_AUDIO_IN_Error_Callback	1
../Core/Src/main.c:373:6:BSP_AUDIO_OUT_HalfTransfer_CallBack	2
../Core/Src/main.c:381:6:BSP_AUDIO_OUT_TransferComplete_CallBack	2
../Core/Src/main.c:390:6:BSP_AUDIO_OUT_Error_CallBack	1
../Core/Src/main.c:404:6:HAL_TIM_PeriodElapsedCallback	2
../Core/Src/main.c:421:6:Error_Handler	1
